---
source: src/tests/discard.rs
expression: ctx.redact_buffer()
---
 Branches                                                                       |
 * main                                                                         |
   merged                                                                       |
▌  unmerged                                                                     |
                                                                                |
 Remote origin                                                                  |
   origin/HEAD                                                                  |
   origin/main                                                                  |
                                                                                |
                                                                                |
                                                                                |
                                                                                |
                                                                                |
                                                                                |
                                                                                |
                                                                                |
                                                                                |
                                                                                |
────────────────────────────────────────────────────────────────────────────────|
? Branch is not fully merged. Really delete? (y or n) ›                         |
styles_hash: 9e4e7fa9d6fc799b
