---
source: src/tests/remote.rs
expression: ctx.redact_buffer()
---
▌On branch main                                                                 |
▌Your branch is up to date with 'origin/main'.                                  |
                                                                                |
 Recent commits                                                                 |
 b66a0bf main origin/main add initial-file                                      |
                                                                                |
                                                                                |
                                                                                |
                                                                                |
                                                                                |
                                                                                |
                                                                                |
                                                                                |
                                                                                |
                                                                                |
                                                                                |
────────────────────────────────────────────────────────────────────────────────|
Remote                                                                          |
a add remote                                                                    |
q/<esc> Quit/Close                                                              |
styles_hash: 750e273e7187ed1a
