---
source: src/tests/discard.rs
expression: ctx.redact_buffer()
---
 Branches                                                                       |
 * main                                                                         |
▌  merged                                                                       |
   unmerged                                                                     |
                                                                                |
 Remote origin                                                                  |
   origin/HEAD                                                                  |
   origin/main                                                                  |
                                                                                |
                                                                                |
                                                                                |
                                                                                |
                                                                                |
                                                                                |
                                                                                |
                                                                                |
                                                                                |
                                                                                |
────────────────────────────────────────────────────────────────────────────────|
? Really discard? (y or n) ›                                                    |
styles_hash: 3747660fef599652
